// Jest Snapshot v1, https://goo.gl/fbAQLP

exports[`Список тем форума рендерится без ошибок 1`] = `
<div>
  <div
    class="ant-list ant-list-split css-dev-only-do-not-override-49qm"
  >
    <div
      class="ant-spin-nested-loading css-dev-only-do-not-override-49qm"
    >
      <div
        class="ant-spin-container"
      >
        <li
          class="ant-list-item"
        >
          <div
            class="ant-card ant-card-bordered css-dev-only-do-not-override-49qm"
          >
            <div
              class="ant-card-head"
            >
              <div
                class="ant-card-head-wrapper"
              >
                <div
                  class="ant-card-head-title"
                >
                  mechanical organizer monitored classic ea
                </div>
                <div
                  class="ant-card-extra"
                >
                  <a
                    href="/forum/0"
                  >
                    Перейти
                  </a>
                </div>
              </div>
            </div>
            <div
              class="ant-card-body"
            >
              <div
                class="ant-flex css-dev-only-do-not-override-49qm ant-flex-justify-space-between"
              >
                <span
                  class="ant-typography css-dev-only-do-not-override-49qm"
                >
                  heard functions russia vb assigned
                </span>
                <span
                  class="ant-typography css-dev-only-do-not-override-49qm"
                >
                  Sat Apr 01 2017
                </span>
              </div>
            </div>
          </div>
        </li>
      </div>
    </div>
  </div>
</div>
`;
