// Jest Snapshot v1, https://goo.gl/fbAQLP

exports[`Комментарии Список тем форума рендерится без ошибок 1`] = `
Object {
  "asFragment": [Function],
  "baseElement": <body>
    <div>
      <div
        class="ant-list ant-list-split css-dev-only-do-not-override-1uq9j6g"
      >
        <div
          class="ant-spin-nested-loading css-dev-only-do-not-override-1uq9j6g"
        >
          <div
            class="ant-spin-container"
          >
            <li
              class="ant-list-item"
            >
              <div
                class="ant-card ant-card-bordered css-dev-only-do-not-override-1uq9j6g"
              >
                <div
                  class="ant-card-head"
                >
                  <div
                    class="ant-card-head-wrapper"
                  >
                    <div
                      class="ant-card-head-title"
                    >
                      Christensen Lynch
                    </div>
                  </div>
                </div>
                <div
                  class="ant-card-body"
                >
                  <div
                    class="ant-flex css-dev-only-do-not-override-1uq9j6g ant-flex-justify-space-between"
                  >
                    <span
                      class="ant-typography css-dev-only-do-not-override-1uq9j6g"
                    >
                      Incididunt excepteur ex nulla magna adipisicing ipsum sunt eiusmod veniam nisi elit commodo aute. Commodo ea voluptate esse consequat.
                    </span>
                    <span
                      class="ant-typography css-dev-only-do-not-override-1uq9j6g"
                    >
                      Wed Sep 09 1970
                    </span>
                  </div>
                </div>
              </div>
            </li>
          </div>
        </div>
      </div>
    </div>
  </body>,
  "container": <div>
    <div
      class="ant-list ant-list-split css-dev-only-do-not-override-1uq9j6g"
    >
      <div
        class="ant-spin-nested-loading css-dev-only-do-not-override-1uq9j6g"
      >
        <div
          class="ant-spin-container"
        >
          <li
            class="ant-list-item"
          >
            <div
              class="ant-card ant-card-bordered css-dev-only-do-not-override-1uq9j6g"
            >
              <div
                class="ant-card-head"
              >
                <div
                  class="ant-card-head-wrapper"
                >
                  <div
                    class="ant-card-head-title"
                  >
                    Christensen Lynch
                  </div>
                </div>
              </div>
              <div
                class="ant-card-body"
              >
                <div
                  class="ant-flex css-dev-only-do-not-override-1uq9j6g ant-flex-justify-space-between"
                >
                  <span
                    class="ant-typography css-dev-only-do-not-override-1uq9j6g"
                  >
                    Incididunt excepteur ex nulla magna adipisicing ipsum sunt eiusmod veniam nisi elit commodo aute. Commodo ea voluptate esse consequat.
                  </span>
                  <span
                    class="ant-typography css-dev-only-do-not-override-1uq9j6g"
                  >
                    Wed Sep 09 1970
                  </span>
                </div>
              </div>
            </div>
          </li>
        </div>
      </div>
    </div>
  </div>,
  "debug": [Function],
  "findAllByAltText": [Function],
  "findAllByDisplayValue": [Function],
  "findAllByLabelText": [Function],
  "findAllByPlaceholderText": [Function],
  "findAllByRole": [Function],
  "findAllByTestId": [Function],
  "findAllByText": [Function],
  "findAllByTitle": [Function],
  "findByAltText": [Function],
  "findByDisplayValue": [Function],
  "findByLabelText": [Function],
  "findByPlaceholderText": [Function],
  "findByRole": [Function],
  "findByTestId": [Function],
  "findByText": [Function],
  "findByTitle": [Function],
  "getAllByAltText": [Function],
  "getAllByDisplayValue": [Function],
  "getAllByLabelText": [Function],
  "getAllByPlaceholderText": [Function],
  "getAllByRole": [Function],
  "getAllByTestId": [Function],
  "getAllByText": [Function],
  "getAllByTitle": [Function],
  "getByAltText": [Function],
  "getByDisplayValue": [Function],
  "getByLabelText": [Function],
  "getByPlaceholderText": [Function],
  "getByRole": [Function],
  "getByTestId": [Function],
  "getByText": [Function],
  "getByTitle": [Function],
  "queryAllByAltText": [Function],
  "queryAllByDisplayValue": [Function],
  "queryAllByLabelText": [Function],
  "queryAllByPlaceholderText": [Function],
  "queryAllByRole": [Function],
  "queryAllByTestId": [Function],
  "queryAllByText": [Function],
  "queryAllByTitle": [Function],
  "queryByAltText": [Function],
  "queryByDisplayValue": [Function],
  "queryByLabelText": [Function],
  "queryByPlaceholderText": [Function],
  "queryByRole": [Function],
  "queryByTestId": [Function],
  "queryByText": [Function],
  "queryByTitle": [Function],
  "rerender": [Function],
  "unmount": [Function],
}
`;
