// Jest Snapshot v1, https://goo.gl/fbAQLP

exports[`Лидерборд Лидерборд рендерится без ошибок 1`] = `
<div>
  <div
    class="ant-list ant-list-split css-dev-only-do-not-override-1uq9j6g"
  >
    <div
      class="ant-spin-nested-loading css-dev-only-do-not-override-1uq9j6g"
    >
      <div
        class="ant-spin-container"
      >
        <li
          class="ant-list-item"
        >
          <div
            class="ant-flex css-dev-only-do-not-override-1uq9j6g ant-flex-align-center"
            style="gap: 32px;"
          >
            <div
              class="ant-flex css-dev-only-do-not-override-1uq9j6g ant-flex-align-center"
              style="gap: 16px;"
            >
              <span
                class="ant-typography css-dev-only-do-not-override-1uq9j6g"
              >
                <strong>
                  1
                </strong>
              </span>
              <span
                class="ant-typography css-dev-only-do-not-override-1uq9j6g"
              >
                <strong>
                  user001
                </strong>
              </span>
            </div>
            <span
              class="ant-typography ant-typography-warning css-dev-only-do-not-override-1uq9j6g"
            >
              1000
            </span>
          </div>
        </li>
      </div>
    </div>
  </div>
</div>
`;
